agent:
    download:
        sourceURI: https://artifacts.elastic.co/downloads/
    features: {}
    monitoring:
        enabled: false
        logs: false
        metrics: false
    protection:
        enabled: false
inputs:
    - data_stream:
        namespace: ep
      meta:
        package:
            name: apache
      name: test-default-apache
      revision: 1
      streams:
        - data_stream:
            dataset: apache.error
            type: logs
          exclude_files:
            - .gz$
          paths:
            - /var/logs/apache/error.log*
          processors:
            - add_locale: null
          tags:
            - apache-error
      type: logfile
      use_output: default
output_permissions:
    default:
        _elastic_agent_checks:
            cluster:
                - monitor
        _elastic_agent_monitoring:
            indices: []
        uuid-for-permissions-on-related-indices:
            indices:
                - names:
                    - logs-apache.error-ep
                  privileges:
                    - auto_configure
                    - create_doc
secret_references: []
