inputs:
    - data_stream:
        namespace: ep
      meta:
        package:
            name: sql_input
      name: test-mysql-sql_input
      streams:
        - data_stream:
            dataset: sql_input.sql_query
          driver: mysql
          hosts:
            - root:test@tcp(localhost:3306)/
          metricsets:
            - query
          period: 10s
          sql_query: SHOW GLOBAL STATUS LIKE 'Innodb_%';
          sql_response_format: variables
      type: sql/metrics
      use_output: default
output_permissions:
    default:
        _elastic_agent_checks:
            cluster:
                - monitor
        _elastic_agent_monitoring:
            indices: []
        uuid-for-permissions-on-related-indices:
            indices:
                - names:
                    - metrics-*-*
                  privileges:
                    - auto_configure
                    - create_doc
secret_references: []
